$ git rev-parse HEAD
31eb19e59dd9cb65128e2fd33a1ce6d87627ff3a
$ git merge-base --is-ancestor 5f7e899694c4d9c7c5bd6de4149a08d19ec22678 HEAD
ancestor_exit=0
$ /home/paperclip/.venvs/tot57/bin/python -W error -m py_compile deliverables/tot-1869/browser_oracle.py
$ /home/paperclip/.venvs/tot57/bin/python -m pytest -q tests/test_public_website.py
.........                                                                [100%]
9 passed in 1.23s
$ POST managed runtime-services/start {serviceIndex:0}
HTTP 422: Selected runtime service is not defined in this project workspace runtime config
$ bounded Flask server + browser_oracle.py
{
  "sourceSha": "31eb19e59dd9cb65128e2fd33a1ce6d87627ff3a",
  "executionWorkspaceId": "f2083ed4-c306-4b7a-ac24-2cdad22efb0c",
  "paperclipRunId": "01abd812-4ccd-4057-a4f3-6740b8c6ec06",
  "expectedCaseCount": 100,
  "actualCaseCount": 100,
  "pass": true,
  "failedCases": []
}
